00:00 +0: loading C:/NTI/shopio_app/test/add_product_screen_test.dart
00:00 +0: AddProductScreen renders and submits
ΓòÉΓòÉΓòí EXCEPTION CAUGHT BY WIDGETS LIBRARY Γò₧ΓòÉΓòÉΓòÉΓòÉΓòÉΓòÉΓòÉΓòÉΓòÉΓòÉΓòÉΓòÉΓòÉΓòÉΓòÉΓòÉΓòÉΓòÉΓòÉΓòÉΓòÉΓòÉΓòÉΓòÉΓòÉΓòÉΓòÉΓòÉΓòÉΓòÉΓòÉΓòÉΓòÉΓòÉΓòÉΓòÉΓòÉΓòÉΓòÉΓòÉΓòÉΓòÉΓòÉΓòÉΓòÉΓòÉΓòÉΓòÉΓòÉΓòÉΓòÉΓòÉΓòÉΓòÉΓòÉΓòÉΓòÉΓòÉΓòÉ
The following _TypeError was thrown building KeyedSubtree-[GlobalKey#d6476]:
type 'Null' is not a subtype of type 'ProductRemoteDataSource'

The relevant error-causing widget was:
  Scaffold
  Scaffold:file:///C:/NTI/shopio_app/lib/features/admin/presentation/pages/add_product_screen.dart:20:14

When the exception was thrown, this was the stack:
#0      new MockProductRepository (file:///C:/NTI/shopio_app/test/add_product_screen_test.dart:13:58)
#1      main.<anonymous closure>.<anonymous closure> (file:///C:/NTI/shopio_app/test/add_product_screen_test.dart:57:26)
#2      _CreateInheritedProviderState.value (package:provider/src/inherited_provider.dart:749:36)
#3      _InheritedProviderScopeElement.value (package:provider/src/inherited_provider.dart:603:33)
#4      Provider.of (package:provider/src/provider.dart:337:37)
#5      ReadContext.read (package:provider/src/provider.dart:683:21)
#6      AddProductScreen.build.<anonymous closure> (package:shopio_app/features/admin/presentation/pages/add_product_screen.dart:17:38)
#7      _CreateInheritedProviderState.value (package:provider/src/inherited_provider.dart:749:36)
#8      _InheritedProviderScopeElement.value (package:provider/src/inherited_provider.dart:603:33)
#9      Provider.of (package:provider/src/provider.dart:337:37)
#10     ReadContext.read (package:provider/src/provider.dart:683:21)
#11     _BlocConsumerState.initState (package:flutter_bloc/src/bloc_consumer.dart:130:36)
#12     StatefulElement._firstBuild (package:flutter/src/widgets/framework.dart:5953:55)
#13     ComponentElement.mount (package:flutter/src/widgets/framework.dart:5796:5)
...     Normal element mounting (25 frames)
#38     Element.inflateWidget (package:flutter/src/widgets/framework.dart:4590:20)
#39     MultiChildRenderObjectElement.inflateWidget (package:flutter/src/widgets/framework.dart:7269:36)
#40     MultiChildRenderObjectElement.mount (package:flutter/src/widgets/framework.dart:7285:32)
...     Normal element mounting (111 frames)
#151    _InheritedProviderScopeElement.mount (package:provider/src/inherited_provider.dart:424:11)
...     Normal element mounting (7 frames)
#158    SingleChildWidgetElementMixin.mount (package:nested/nested.dart:222:11)
...     Normal element mounting (7 frames)
#165    SingleChildWidgetElementMixin.mount (package:nested/nested.dart:222:11)
...     Normal element mounting (266 frames)
#431    Element.inflateWidget (package:flutter/src/widgets/framework.dart:4590:20)
#432    MultiChildRenderObjectElement.inflateWidget (package:flutter/src/widgets/framework.dart:7269:36)
#433    MultiChildRenderObjectElement.mount (package:flutter/src/widgets/framework.dart:7285:32)
...     Normal element mounting (479 frames)
#912    _InheritedProviderScopeElement.mount (package:provider/src/inherited_provider.dart:424:11)
...     Normal element mounting (7 frames)
#919    SingleChildWidgetElementMixin.mount (package:nested/nested.dart:222:11)
...     Normal element mounting (7 frames)
#926    _InheritedProviderScopeElement.mount (package:provider/src/inherited_provider.dart:424:11)
...     Normal element mounting (7 frames)
#933    SingleChildWidgetElementMixin.mount (package:nested/nested.dart:222:11)
...     Normal element mounting (7 frames)
#940    SingleChildWidgetElementMixin.mount (package:nested/nested.dart:222:11)
...     Normal element mounting (7 frames)
#947    _NestedHookElement.mount (package:nested/nested.dart:187:11)
...     Normal element mounting (7 frames)
#954    SingleChildWidgetElementMixin.mount (package:nested/nested.dart:222:11)
#955    Element.inflateWidget (package:flutter/src/widgets/framework.dart:4590:20)
#956    Element.updateChild (package:flutter/src/widgets/framework.dart:4053:20)
#957    ComponentElement.performRebuild (package:flutter/src/widgets/framework.dart:5844:16)
#958    Element.rebuild (package:flutter/src/widgets/framework.dart:5532:7)
#959    ProxyElement.update (package:flutter/src/widgets/framework.dart:6152:5)
#960    _InheritedNotifierElement.update (package:flutter/src/widgets/inherited_notifier.dart:108:11)
#961    Element.updateChild (package:flutter/src/widgets/framework.dart:4037:15)
#962    ComponentElement.performRebuild (package:flutter/src/widgets/framework.dart:5844:16)
#963    StatefulElement.performRebuild (package:flutter/src/widgets/framework.dart:5985:11)
#964    Element.rebuild (package:flutter/src/widgets/framework.dart:5532:7)
#965    StatefulElement.update (package:flutter/src/widgets/framework.dart:6010:5)
#966    Element.updateChild (package:flutter/src/widgets/framework.dart:4037:15)
#967    ComponentElement.performRebuild (package:flutter/src/widgets/framework.dart:5844:16)
#968    Element.rebuild (package:flutter/src/widgets/framework.dart:5532:7)
#969    ProxyElement.update (package:flutter/src/widgets/framework.dart:6152:5)
#970    _InheritedNotifierElement.update (package:flutter/src/widgets/inherited_notifier.dart:108:11)
#971    Element.updateChild (package:flutter/src/widgets/framework.dart:4037:15)
#972    ComponentElement.performRebuild (package:flutter/src/widgets/framework.dart:5844:16)
#973    StatefulElement.performRebuild (package:flutter/src/widgets/framework.dart:5985:11)
#974    Element.rebuild (package:flutter/src/widgets/framework.dart:5532:7)
#975    StatefulElement.update (package:flutter/src/widgets/framework.dart:6010:5)
#976    Element.updateChild (package:flutter/src/widgets/framework.dart:4037:15)
#977    ComponentElement.performRebuild (package:flutter/src/widgets/framework.dart:5844:16)
#978    StatefulElement.performRebuild (package:flutter/src/widgets/framework.dart:5985:11)
#979    Element.rebuild (package:flutter/src/widgets/framework.dart:5532:7)
#980    StatefulElement.update (package:flutter/src/widgets/framework.dart:6010:5)
#981    Element.updateChild (package:flutter/src/widgets/framework.dart:4037:15)
#982    ComponentElement.performRebuild (package:flutter/src/widgets/framework.dart:5844:16)
#983    Element.rebuild (package:flutter/src/widgets/framework.dart:5532:7)
#984    ProxyElement.update (package:flutter/src/widgets/framework.dart:6152:5)
#985    Element.updateChild (package:flutter/src/widgets/framework.dart:4037:15)
#986    ComponentElement.performRebuild (package:flutter/src/widgets/framework.dart:5844:16)
#987    StatefulElement.performRebuild (package:flutter/src/widgets/framework.dart:5985:11)
#988    Element.rebuild (package:flutter/src/widgets/framework.dart:5532:7)
#989    StatefulElement.update (package:flutter/src/widgets/framework.dart:6010:5)
#990    Element.updateChild (package:flutter/src/widgets/framework.dart:4037:15)
#991    ComponentElement.performRebuild (package:flutter/src/widgets/framework.dart:5844:16)
#992    Element.rebuild (package:flutter/src/widgets/framework.dart:5532:7)
#993    ProxyElement.update (package:flutter/src/widgets/framework.dart:6152:5)
#994    Element.updateChild (package:flutter/src/widgets/framework.dart:4037:15)
#995    ComponentElement.performRebuild (package:flutter/src/widgets/framework.dart:5844:16)
#996    Element.rebuild (package:flutter/src/widgets/framework.dart:5532:7)
#997    ProxyElement.update (package:flutter/src/widgets/framework.dart:6152:5)
#998    Element.updateChild (package:flutter/src/widgets/framework.dart:4037:15)
#999    _RawViewElement._updateChild (package:flutter/src/widgets/view.dart:481:16)
#1000   _RawViewElement.update (package:flutter/src/widgets/view.dart:568:5)
#1001   Element.updateChild (package:flutter/src/widgets/framework.dart:4037:15)
#1002   ComponentElement.performRebuild (package:flutter/src/widgets/framework.dart:5844:16)
#1003   Element.rebuild (package:flutter/src/widgets/framework.dart:5532:7)
#1004   StatelessElement.update (package:flutter/src/widgets/framework.dart:5898:5)
#1005   Element.updateChild (package:flutter/src/widgets/framework.dart:4037:15)
#1006   ComponentElement.performRebuild (package:flutter/src/widgets/framework.dart:5844:16)
#1007   StatefulElement.performRebuild (package:flutter/src/widgets/framework.dart:5985:11)
#1008   Element.rebuild (package:flutter/src/widgets/framework.dart:5532:7)
#1009   StatefulElement.update (package:flutter/src/widgets/framework.dart:6010:5)
#1010   Element.updateChild (package:flutter/src/widgets/framework.dart:4037:15)
#1011   RootElement._rebuild (package:flutter/src/widgets/binding.dart:1782:16)
#1012   RootElement.update (package:flutter/src/widgets/binding.dart:1760:5)
#1013   RootElement.performRebuild (package:flutter/src/widgets/binding.dart:1774:7)
#1014   Element.rebuild (package:flutter/src/widgets/framework.dart:5532:7)
#1015   BuildScope._tryRebuild (package:flutter/src/widgets/framework.dart:2750:15)
#1016   BuildScope._flushDirtyElements (package:flutter/src/widgets/framework.dart:2807:11)
#1017   BuildOwner.buildScope (package:flutter/src/widgets/framework.dart:3111:18)
#1018   AutomatedTestWidgetsFlutterBinding.drawFrame (package:flutter_test/src/binding.dart:1506:19)
#1019   RendererBinding._handlePersistentFrameCallback (package:flutter/src/rendering/binding.dart:495:5)
#1020   SchedulerBinding._invokeFrameCallback (package:flutter/src/scheduler/binding.dart:1434:15)
#1021   SchedulerBinding.handleDrawFrame (package:flutter/src/scheduler/binding.dart:1347:9)
#1022   AutomatedTestWidgetsFlutterBinding.pump.<anonymous closure> (package:flutter_test/src/binding.dart:1335:9)
#1025   TestAsyncUtils.guard (package:flutter_test/src/test_async_utils.dart:74:41)
#1026   AutomatedTestWidgetsFlutterBinding.pump (package:flutter_test/src/binding.dart:1324:27)
#1027   WidgetTester.pumpWidget.<anonymous closure> (package:flutter_test/src/widget_tester.dart:598:22)
#1030   TestAsyncUtils.guard (package:flutter_test/src/test_async_utils.dart:74:41)
#1031   WidgetTester.pumpWidget (package:flutter_test/src/widget_tester.dart:595:27)
#1032   main.<anonymous closure> (file:///C:/NTI/shopio_app/test/add_product_screen_test.dart:53:18)
#1033   testWidgets.<anonymous closure>.<anonymous closure> (package:flutter_test/src/widget_tester.dart:192:29)
<asynchronous suspension>
#1034   TestWidgetsFlutterBinding._runTestBody (package:flutter_test/src/binding.dart:1059:5)
<asynchronous suspension>
<asynchronous suspension>
(elided 5 frames from dart:async and package:stack_trace)

ΓòÉΓòÉΓòÉΓòÉΓòÉΓòÉΓòÉΓòÉΓòÉΓòÉΓòÉΓòÉΓòÉΓòÉΓòÉΓòÉΓòÉΓòÉΓòÉΓòÉΓòÉΓòÉΓòÉΓòÉΓòÉΓòÉΓòÉΓòÉΓòÉΓòÉΓòÉΓòÉΓòÉΓòÉΓòÉΓòÉΓòÉΓòÉΓòÉΓòÉΓòÉΓòÉΓòÉΓòÉΓòÉΓòÉΓòÉΓòÉΓòÉΓòÉΓòÉΓòÉΓòÉΓòÉΓòÉΓòÉΓòÉΓòÉΓòÉΓòÉΓòÉΓòÉΓòÉΓòÉΓòÉΓòÉΓòÉΓòÉΓòÉΓòÉΓòÉΓòÉΓòÉΓòÉΓòÉΓòÉΓòÉΓòÉΓòÉΓòÉΓòÉΓòÉΓòÉΓòÉΓòÉΓòÉΓòÉΓòÉΓòÉΓòÉΓòÉΓòÉΓòÉΓòÉΓòÉΓòÉΓòÉΓòÉΓòÉΓòÉ
ΓòÉΓòÉΓòí EXCEPTION CAUGHT BY FLUTTER TEST FRAMEWORK Γò₧ΓòÉΓòÉΓòÉΓòÉΓòÉΓòÉΓòÉΓòÉΓòÉΓòÉΓòÉΓòÉΓòÉΓòÉΓòÉΓòÉΓòÉΓòÉΓòÉΓòÉΓòÉΓòÉΓòÉΓòÉΓòÉΓòÉΓòÉΓòÉΓòÉΓòÉΓòÉΓòÉΓòÉΓòÉΓòÉΓòÉΓòÉΓòÉΓòÉΓòÉΓòÉΓòÉΓòÉΓòÉΓòÉΓòÉΓòÉΓòÉΓòÉΓòÉΓòÉΓòÉ
The following TestFailure was thrown running a test:
Expected: exactly one matching candidate
  Actual: _TextWidgetFinder:<Found 0 widgets with text "Submit Product": []>
   Which: means none were found but one was expected

When the exception was thrown, this was the stack:
#4      main.<anonymous closure> (file:///C:/NTI/shopio_app/test/add_product_screen_test.dart:68:5)
<asynchronous suspension>
#5      testWidgets.<anonymous closure>.<anonymous closure> (package:flutter_test/src/widget_tester.dart:192:15)
<asynchronous suspension>
#6      TestWidgetsFlutterBinding._runTestBody (package:flutter_test/src/binding.dart:1059:5)
<asynchronous suspension>
<asynchronous suspension>
(elided one frame from package:stack_trace)

This was caught by the test expectation on the following line:
  file:///C:/NTI/shopio_app/test/add_product_screen_test.dart line 68
The test description was:
  AddProductScreen renders and submits
ΓòÉΓòÉΓòÉΓòÉΓòÉΓòÉΓòÉΓòÉΓòÉΓòÉΓòÉΓòÉΓòÉΓòÉΓòÉΓòÉΓòÉΓòÉΓòÉΓòÉΓòÉΓòÉΓòÉΓòÉΓòÉΓòÉΓòÉΓòÉΓòÉΓòÉΓòÉΓòÉΓòÉΓòÉΓòÉΓòÉΓòÉΓòÉΓòÉΓòÉΓòÉΓòÉΓòÉΓòÉΓòÉΓòÉΓòÉΓòÉΓòÉΓòÉΓòÉΓòÉΓòÉΓòÉΓòÉΓòÉΓòÉΓòÉΓòÉΓòÉΓòÉΓòÉΓòÉΓòÉΓòÉΓòÉΓòÉΓòÉΓòÉΓòÉΓòÉΓòÉΓòÉΓòÉΓòÉΓòÉΓòÉΓòÉΓòÉΓòÉΓòÉΓòÉΓòÉΓòÉΓòÉΓòÉΓòÉΓòÉΓòÉΓòÉΓòÉΓòÉΓòÉΓòÉΓòÉΓòÉΓòÉΓòÉΓòÉΓòÉ
ΓòÉΓòÉΓòí EXCEPTION CAUGHT BY FLUTTER TEST FRAMEWORK Γò₧ΓòÉΓòÉΓòÉΓòÉΓòÉΓòÉΓòÉΓòÉΓòÉΓòÉΓòÉΓòÉΓòÉΓòÉΓòÉΓòÉΓòÉΓòÉΓòÉΓòÉΓòÉΓòÉΓòÉΓòÉΓòÉΓòÉΓòÉΓòÉΓòÉΓòÉΓòÉΓòÉΓòÉΓòÉΓòÉΓòÉΓòÉΓòÉΓòÉΓòÉΓòÉΓòÉΓòÉΓòÉΓòÉΓòÉΓòÉΓòÉΓòÉΓòÉΓòÉΓòÉ
The following message was thrown:
Multiple exceptions (2) were detected during the running of the current test, and at least one was
unexpected.
ΓòÉΓòÉΓòÉΓòÉΓòÉΓòÉΓòÉΓòÉΓòÉΓòÉΓòÉΓòÉΓòÉΓòÉΓòÉΓòÉΓòÉΓòÉΓòÉΓòÉΓòÉΓòÉΓòÉΓòÉΓòÉΓòÉΓòÉΓòÉΓòÉΓòÉΓòÉΓòÉΓòÉΓòÉΓòÉΓòÉΓòÉΓòÉΓòÉΓòÉΓòÉΓòÉΓòÉΓòÉΓòÉΓòÉΓòÉΓòÉΓòÉΓòÉΓòÉΓòÉΓòÉΓòÉΓòÉΓòÉΓòÉΓòÉΓòÉΓòÉΓòÉΓòÉΓòÉΓòÉΓòÉΓòÉΓòÉΓòÉΓòÉΓòÉΓòÉΓòÉΓòÉΓòÉΓòÉΓòÉΓòÉΓòÉΓòÉΓòÉΓòÉΓòÉΓòÉΓòÉΓòÉΓòÉΓòÉΓòÉΓòÉΓòÉΓòÉΓòÉΓòÉΓòÉΓòÉΓòÉΓòÉΓòÉΓòÉΓòÉ
00:01 +0 -1: AddProductScreen renders and submits [E]
  Test failed. See exception logs above.
  The test description was: AddProductScreen renders and submits
  
00:01 +0 -1: Some tests failed.
